14Z] [0;31mERROR[0m
